2	0	../data/CellCycle/CellCycle/good/P26/604.png
6	0	../data/CellCycle/CellCycle/good/P26/201.png
22	0	../data/CellCycle/CellCycle/good/P26/570.png
24	0	../data/CellCycle/CellCycle/good/P26/160.png
33	0	../data/CellCycle/CellCycle/good/P26/206.png
36	0	../data/CellCycle/CellCycle/good/P26/561.png
41	0	../data/CellCycle/CellCycle/good/P26/629.png
49	0	../data/CellCycle/CellCycle/good/P26/628.png
53	0	../data/CellCycle/CellCycle/good/P26/471.png
56	0	../data/CellCycle/CellCycle/good/P26/504.png
71	0	../data/CellCycle/CellCycle/good/P26/659.png
73	0	../data/CellCycle/CellCycle/good/P26/315.png
75	0	../data/CellCycle/CellCycle/good/P26/339.png
82	0	../data/CellCycle/CellCycle/good/P26/502.png
87	0	../data/CellCycle/CellCycle/good/P26/660.png
94	0	../data/CellCycle/CellCycle/good/P26/298.png
95	0	../data/CellCycle/CellCycle/good/P26/273.png
99	0	../data/CellCycle/CellCycle/good/P26/111.png
102	0	../data/CellCycle/CellCycle/good/P26/478.png
115	0	../data/CellCycle/CellCycle/good/P26/453.png
120	0	../data/CellCycle/CellCycle/good/P26/527.png
123	0	../data/CellCycle/CellCycle/good/P26/526.png
126	0	../data/CellCycle/CellCycle/good/P26/678.png
129	0	../data/CellCycle/CellCycle/good/P26/456.png
130	0	../data/CellCycle/CellCycle/good/P26/318.png
131	0	../data/CellCycle/CellCycle/good/P26/481.png
135	0	../data/CellCycle/CellCycle/good/P26/250.png
141	0	../data/CellCycle/CellCycle/good/P26/251.png
142	0	../data/CellCycle/CellCycle/good/P26/682.png
148	0	../data/CellCycle/CellCycle/good/P26/455.png
149	0	../data/CellCycle/CellCycle/good/P26/496.png
153	0	../data/CellCycle/CellCycle/good/P26/247.png
155	0	../data/CellCycle/CellCycle/good/P26/681.png
159	0	../data/CellCycle/CellCycle/good/P26/341.png
166	0	../data/CellCycle/CellCycle/good/P26/584.png
170	0	../data/CellCycle/CellCycle/good/P26/181.png
174	0	../data/CellCycle/CellCycle/good/P26/340.png
188	0	../data/CellCycle/CellCycle/good/P26/431.png
191	0	../data/CellCycle/CellCycle/good/P26/409.png
192	0	../data/CellCycle/CellCycle/good/P26/384.png
195	0	../data/CellCycle/CellCycle/good/P26/227.png
196	0	../data/CellCycle/CellCycle/good/P26/569.png
197	0	../data/CellCycle/CellCycle/good/P26/582.png
200	0	../data/CellCycle/CellCycle/good/P26/226.png
218	0	../data/CellCycle/CellCycle/good/P26/386.png
219	0	../data/CellCycle/CellCycle/good/P21/163.png
221	0	../data/CellCycle/CellCycle/good/P21/439.png
222	0	../data/CellCycle/CellCycle/good/P21/389.png
223	0	../data/CellCycle/CellCycle/good/P21/362.png
225	0	../data/CellCycle/CellCycle/good/P21/415.png
227	0	../data/CellCycle/CellCycle/good/P21/166.png
228	0	../data/CellCycle/CellCycle/good/P21/416.png
229	0	../data/CellCycle/CellCycle/good/P21/510.png
232	0	../data/CellCycle/CellCycle/good/P21/314.png
233	0	../data/CellCycle/CellCycle/good/P21/248.png
234	0	../data/CellCycle/CellCycle/good/P21/274.png
235	0	../data/CellCycle/CellCycle/good/P21/249.png
237	0	../data/CellCycle/CellCycle/good/P21/306.png
238	0	../data/CellCycle/CellCycle/good/P21/139.png
239	0	../data/CellCycle/CellCycle/good/P21/335.png
243	0	../data/CellCycle/CellCycle/good/P21/333.png
244	0	../data/CellCycle/CellCycle/good/P21/483.png
247	0	../data/CellCycle/CellCycle/good/P21/341.png
250	0	../data/CellCycle/CellCycle/good/P21/195.png
251	0	../data/CellCycle/CellCycle/good/P21/142.png
252	0	../data/CellCycle/CellCycle/good/P21/342.png
254	0	../data/CellCycle/CellCycle/good/P21/222.png
255	0	../data/CellCycle/CellCycle/good/P21/223.png
257	0	../data/CellCycle/CellCycle/good/P21/169.png
268	0	../data/CellCycle/CellCycle/good/P28/77.png
271	0	../data/CellCycle/CellCycle/good/P28/200.png
273	0	../data/CellCycle/CellCycle/good/P28/62.png
274	0	../data/CellCycle/CellCycle/good/P28/188.png
287	0	../data/CellCycle/CellCycle/good/P28/372.png
289	0	../data/CellCycle/CellCycle/good/P28/170.png
293	0	../data/CellCycle/CellCycle/good/P28/70.png
296	0	../data/CellCycle/CellCycle/good/P28/165.png
297	0	../data/CellCycle/CellCycle/good/P28/398.png
302	0	../data/CellCycle/CellCycle/good/P28/359.png
306	0	../data/CellCycle/CellCycle/good/P28/198.png
308	0	../data/CellCycle/CellCycle/good/P28/211.png
319	0	../data/CellCycle/CellCycle/good/P28/370.png
321	0	../data/CellCycle/CellCycle/good/P28/28.png
322	0	../data/CellCycle/CellCycle/good/P28/263.png
329	0	../data/CellCycle/CellCycle/good/P28/114.png
330	0	../data/CellCycle/CellCycle/good/P28/314.png
335	0	../data/CellCycle/CellCycle/good/P28/249.png
338	0	../data/CellCycle/CellCycle/good/P28/311.png
351	0	../data/CellCycle/CellCycle/good/P28/298.png
362	0	../data/CellCycle/CellCycle/good/P28/242.png
365	0	../data/CellCycle/CellCycle/good/P28/294.png
373	0	../data/CellCycle/CellCycle/good/P28/323.png
385	0	../data/CellCycle/CellCycle/good/P28/308.png
396	0	../data/CellCycle/CellCycle/good/P28/319.png
409	0	../data/CellCycle/CellCycle/good/P28/130.png
413	0	../data/CellCycle/CellCycle/good/P28/341.png
416	0	../data/CellCycle/CellCycle/good/P28/143.png
420	0	../data/CellCycle/CellCycle/good/P28/180.png
422	0	../data/CellCycle/CellCycle/good/P28/235.png
424	0	../data/CellCycle/CellCycle/good/P28/220.png
426	0	../data/CellCycle/CellCycle/good/P28/195.png
430	0	../data/CellCycle/CellCycle/good/P28/383.png
432	0	../data/CellCycle/CellCycle/good/P28/340.png
433	0	../data/CellCycle/CellCycle/good/P28/354.png
453	0	../data/CellCycle/CellCycle/good/P28/357.png
458	0	../data/CellCycle/CellCycle/good/P28/87.png
463	0	../data/CellCycle/CellCycle/good/P28/50.png
466	0	../data/CellCycle/CellCycle/good/P28/232.png
483	0	../data/CellCycle/CellCycle/good/P28/85.png
486	0	../data/CellCycle/CellCycle/good/P28/351.png
488	0	../data/CellCycle/CellCycle/good/P27/1804.png
498	0	../data/CellCycle/CellCycle/good/P27/610.png
504	0	../data/CellCycle/CellCycle/good/P27/994.png
505	0	../data/CellCycle/CellCycle/good/P27/764.png
506	0	../data/CellCycle/CellCycle/good/P27/943.png
507	0	../data/CellCycle/CellCycle/good/P27/957.png
513	0	../data/CellCycle/CellCycle/good/P27/599.png
516	0	../data/CellCycle/CellCycle/good/P27/1742.png
518	0	../data/CellCycle/CellCycle/good/P27/573.png
532	0	../data/CellCycle/CellCycle/good/P27/605.png
537	0	../data/CellCycle/CellCycle/good/P27/1193.png
538	0	../data/CellCycle/CellCycle/good/P27/407.png
540	0	../data/CellCycle/CellCycle/good/P27/375.png
541	0	../data/CellCycle/CellCycle/good/P27/1805.png
545	0	../data/CellCycle/CellCycle/good/P27/1191.png
555	0	../data/CellCycle/CellCycle/good/P27/997.png
558	0	../data/CellCycle/CellCycle/good/P27/798.png
573	0	../data/CellCycle/CellCycle/good/P27/955.png
575	0	../data/CellCycle/CellCycle/good/P27/772.png
576	0	../data/CellCycle/CellCycle/good/P27/996.png
580	0	../data/CellCycle/CellCycle/good/P27/1392.png
582	0	../data/CellCycle/CellCycle/good/P27/1153.png
588	0	../data/CellCycle/CellCycle/good/P27/1190.png
596	0	../data/CellCycle/CellCycle/good/P27/1143.png
610	0	../data/CellCycle/CellCycle/good/P27/1547.png
614	0	../data/CellCycle/CellCycle/good/P27/945.png
617	0	../data/CellCycle/CellCycle/good/P27/560.png
621	0	../data/CellCycle/CellCycle/good/P27/1745.png
622	0	../data/CellCycle/CellCycle/good/P27/1023.png
624	0	../data/CellCycle/CellCycle/good/P27/1750.png
637	0	../data/CellCycle/CellCycle/good/P27/987.png
639	0	../data/CellCycle/CellCycle/good/P27/763.png
645	0	../data/CellCycle/CellCycle/good/P27/603.png
648	0	../data/CellCycle/CellCycle/good/P27/1142.png
657	0	../data/CellCycle/CellCycle/good/P27/365.png
659	0	../data/CellCycle/CellCycle/good/P27/359.png
660	0	../data/CellCycle/CellCycle/good/P27/1140.png
661	0	../data/CellCycle/CellCycle/good/P27/1154.png
665	0	../data/CellCycle/CellCycle/good/P27/1418.png
668	0	../data/CellCycle/CellCycle/good/P27/1236.png
669	0	../data/CellCycle/CellCycle/good/P27/1550.png
677	0	../data/CellCycle/CellCycle/good/P27/1752.png
678	0	../data/CellCycle/CellCycle/good/P27/1746.png
682	0	../data/CellCycle/CellCycle/good/P27/1747.png
685	0	../data/CellCycle/CellCycle/good/P27/576.png
686	0	../data/CellCycle/CellCycle/good/P27/210.png
690	0	../data/CellCycle/CellCycle/good/P27/947.png
693	0	../data/CellCycle/CellCycle/good/P27/748.png
708	0	../data/CellCycle/CellCycle/good/P27/370.png
709	0	../data/CellCycle/CellCycle/good/P27/416.png
718	0	../data/CellCycle/CellCycle/good/P27/897.png
723	0	../data/CellCycle/CellCycle/good/P27/1318.png
738	0	../data/CellCycle/CellCycle/good/P27/1047.png
743	0	../data/CellCycle/CellCycle/good/P27/262.png
744	0	../data/CellCycle/CellCycle/good/P27/504.png
745	0	../data/CellCycle/CellCycle/good/P27/909.png
746	0	../data/CellCycle/CellCycle/good/P27/1251.png
749	0	../data/CellCycle/CellCycle/good/P27/1286.png
753	0	../data/CellCycle/CellCycle/good/P27/699.png
756	0	../data/CellCycle/CellCycle/good/P27/855.png
762	0	../data/CellCycle/CellCycle/good/P27/1696.png
772	0	../data/CellCycle/CellCycle/good/P27/499.png
773	0	../data/CellCycle/CellCycle/good/P27/658.png
774	0	../data/CellCycle/CellCycle/good/P27/894.png
776	0	../data/CellCycle/CellCycle/good/P27/102.png
788	0	../data/CellCycle/CellCycle/good/P27/1045.png
791	0	../data/CellCycle/CellCycle/good/P27/507.png
798	0	../data/CellCycle/CellCycle/good/P27/936.png
805	0	../data/CellCycle/CellCycle/good/P27/1468.png
809	0	../data/CellCycle/CellCycle/good/P27/498.png
811	0	../data/CellCycle/CellCycle/good/P27/315.png
814	0	../data/CellCycle/CellCycle/good/P27/467.png
815	0	../data/CellCycle/CellCycle/good/P27/329.png
823	0	../data/CellCycle/CellCycle/good/P27/675.png
826	0	../data/CellCycle/CellCycle/good/P27/649.png
827	0	../data/CellCycle/CellCycle/good/P27/891.png
831	0	../data/CellCycle/CellCycle/good/P27/846.png
833	0	../data/CellCycle/CellCycle/good/P27/1281.png
834	0	../data/CellCycle/CellCycle/good/P27/715.png
835	0	../data/CellCycle/CellCycle/good/P27/701.png
836	0	../data/CellCycle/CellCycle/good/P27/1256.png
842	0	../data/CellCycle/CellCycle/good/P27/259.png
849	0	../data/CellCycle/CellCycle/good/P27/264.png
850	0	../data/CellCycle/CellCycle/good/P27/502.png
853	0	../data/CellCycle/CellCycle/good/P27/700.png
856	0	../data/CellCycle/CellCycle/good/P27/1451.png
867	0	../data/CellCycle/CellCycle/good/P27/310.png
871	0	../data/CellCycle/CellCycle/good/P27/304.png
877	0	../data/CellCycle/CellCycle/good/P27/460.png
881	0	../data/CellCycle/CellCycle/good/P27/1137.png
888	0	../data/CellCycle/CellCycle/good/P27/689.png
902	0	../data/CellCycle/CellCycle/good/P27/1042.png
904	0	../data/CellCycle/CellCycle/good/P27/529.png
906	0	../data/CellCycle/CellCycle/good/P27/501.png
907	0	../data/CellCycle/CellCycle/good/P27/267.png
915	0	../data/CellCycle/CellCycle/good/P27/850.png
917	0	../data/CellCycle/CellCycle/good/P27/1452.png
918	0	../data/CellCycle/CellCycle/good/P27/1446.png
923	0	../data/CellCycle/CellCycle/good/P27/677.png
929	0	../data/CellCycle/CellCycle/good/P27/461.png
931	0	../data/CellCycle/CellCycle/good/P27/313.png
935	0	../data/CellCycle/CellCycle/good/P27/450.png
936	0	../data/CellCycle/CellCycle/good/P27/1649.png
939	0	../data/CellCycle/CellCycle/good/P27/1488.png
942	0	../data/CellCycle/CellCycle/good/P27/861.png
943	0	../data/CellCycle/CellCycle/good/P27/691.png
948	0	../data/CellCycle/CellCycle/good/P27/1517.png
952	0	../data/CellCycle/CellCycle/good/P27/524.png
968	0	../data/CellCycle/CellCycle/good/P27/914.png
972	0	../data/CellCycle/CellCycle/good/P27/848.png
973	0	../data/CellCycle/CellCycle/good/P27/1462.png
980	0	../data/CellCycle/CellCycle/good/P27/1648.png
981	0	../data/CellCycle/CellCycle/good/P27/451.png
998	0	../data/CellCycle/CellCycle/good/P27/902.png
1004	0	../data/CellCycle/CellCycle/good/P27/1058.png
1006	0	../data/CellCycle/CellCycle/good/P27/282.png
1011	0	../data/CellCycle/CellCycle/good/P27/254.png
1018	0	../data/CellCycle/CellCycle/good/P27/1461.png
1021	0	../data/CellCycle/CellCycle/good/P27/888.png
1024	0	../data/CellCycle/CellCycle/good/P27/1105.png
1027	0	../data/CellCycle/CellCycle/good/P27/1139.png
1033	0	../data/CellCycle/CellCycle/good/P27/1850.png
1034	0	../data/CellCycle/CellCycle/good/P27/1688.png
1035	0	../data/CellCycle/CellCycle/good/P27/442.png
1038	0	../data/CellCycle/CellCycle/good/P27/456.png
1039	0	../data/CellCycle/CellCycle/good/P27/318.png
1046	0	../data/CellCycle/CellCycle/good/P27/668.png
1047	0	../data/CellCycle/CellCycle/good/P27/1317.png
1049	0	../data/CellCycle/CellCycle/good/P27/867.png
1051	0	../data/CellCycle/CellCycle/good/P27/1288.png
1059	0	../data/CellCycle/CellCycle/good/P27/1049.png
1069	0	../data/CellCycle/CellCycle/good/P27/1262.png
1072	0	../data/CellCycle/CellCycle/good/P27/866.png
1080	0	../data/CellCycle/CellCycle/good/P27/1100.png
1096	0	../data/CellCycle/CellCycle/good/P27/870.png
1100	0	../data/CellCycle/CellCycle/good/P27/1248.png
1104	0	../data/CellCycle/CellCycle/good/P27/253.png
1114	0	../data/CellCycle/CellCycle/good/P27/911.png
1118	0	../data/CellCycle/CellCycle/good/P27/1513.png
1127	0	../data/CellCycle/CellCycle/good/P27/1103.png
1136	0	../data/CellCycle/CellCycle/good/P27/1164.png
1142	0	../data/CellCycle/CellCycle/good/P27/816.png
1154	0	../data/CellCycle/CellCycle/good/P27/1010.png
1156	0	../data/CellCycle/CellCycle/good/P27/590.png
1157	0	../data/CellCycle/CellCycle/good/P27/591.png
1163	0	../data/CellCycle/CellCycle/good/P27/1207.png
1165	0	../data/CellCycle/CellCycle/good/P27/1561.png
1172	0	../data/CellCycle/CellCycle/good/P27/1415.png
1176	0	../data/CellCycle/CellCycle/good/P27/624.png
1180	0	../data/CellCycle/CellCycle/good/P27/1603.png
1182	0	../data/CellCycle/CellCycle/good/P27/426.png
1184	0	../data/CellCycle/CellCycle/good/P27/368.png
1188	0	../data/CellCycle/CellCycle/good/P27/356.png
1189	0	../data/CellCycle/CellCycle/good/P27/430.png
1196	0	../data/CellCycle/CellCycle/good/P27/1403.png
1204	0	../data/CellCycle/CellCycle/good/P27/550.png
1210	0	../data/CellCycle/CellCycle/good/P27/592.png
1215	0	../data/CellCycle/CellCycle/good/P27/551.png
1223	0	../data/CellCycle/CellCycle/good/P27/1370.png
1242	0	../data/CellCycle/CellCycle/good/P27/743.png
1245	0	../data/CellCycle/CellCycle/good/P27/1200.png
1251	0	../data/CellCycle/CellCycle/good/P27/541.png
1252	0	../data/CellCycle/CellCycle/good/P27/1002.png
1260	0	../data/CellCycle/CellCycle/good/P27/959.png
1265	0	../data/CellCycle/CellCycle/good/P27/742.png
1268	0	../data/CellCycle/CellCycle/good/P27/805.png
1269	0	../data/CellCycle/CellCycle/good/P27/1413.png
1274	0	../data/CellCycle/CellCycle/good/P27/422.png
1277	0	../data/CellCycle/CellCycle/good/P27/393.png
1283	0	../data/CellCycle/CellCycle/good/P27/1405.png
1284	0	../data/CellCycle/CellCycle/good/P27/813.png
1286	0	../data/CellCycle/CellCycle/good/P27/807.png
1294	0	../data/CellCycle/CellCycle/good/P27/556.png
1307	0	../data/CellCycle/CellCycle/good/P27/1216.png
1312	0	../data/CellCycle/CellCycle/good/P27/1404.png
1314	0	../data/CellCycle/CellCycle/good/P27/609.png
1320	0	../data/CellCycle/CellCycle/good/P34/188.png
1323	0	../data/CellCycle/CellCycle/good/P34/74.png
1324	0	../data/CellCycle/CellCycle/good/P34/75.png
1328	0	../data/CellCycle/CellCycle/good/P34/165.png
1334	0	../data/CellCycle/CellCycle/good/P34/300.png
1335	0	../data/CellCycle/CellCycle/good/P34/299.png
1337	0	../data/CellCycle/CellCycle/good/P34/194.png
1338	0	../data/CellCycle/CellCycle/good/P34/195.png
1340	0	../data/CellCycle/CellCycle/good/P34/196.png
1342	0	../data/CellCycle/CellCycle/good/P34/151.png
1343	0	../data/CellCycle/CellCycle/good/P34/186.png
1347	0	../data/CellCycle/CellCycle/good/P34/219.png
1348	0	../data/CellCycle/CellCycle/good/P34/153.png
1349	0	../data/CellCycle/CellCycle/good/P33/374.png
1350	0	../data/CellCycle/CellCycle/good/P33/406.png
1357	0	../data/CellCycle/CellCycle/good/P33/439.png
1360	0	../data/CellCycle/CellCycle/good/P33/612.png
1361	0	../data/CellCycle/CellCycle/good/P33/376.png
1366	0	../data/CellCycle/CellCycle/good/P33/577.png
1367	0	../data/CellCycle/CellCycle/good/P33/576.png
1369	0	../data/CellCycle/CellCycle/good/P33/511.png
1379	0	../data/CellCycle/CellCycle/good/P33/275.png
1381	0	../data/CellCycle/CellCycle/good/P33/473.png
1388	0	../data/CellCycle/CellCycle/good/P33/312.png
1389	0	../data/CellCycle/CellCycle/good/P33/306.png
1399	0	../data/CellCycle/CellCycle/good/P33/479.png
1402	0	../data/CellCycle/CellCycle/good/P33/241.png
1414	0	../data/CellCycle/CellCycle/good/P33/508.png
1416	0	../data/CellCycle/CellCycle/good/P33/642.png
1419	0	../data/CellCycle/CellCycle/good/P33/143.png
1434	0	../data/CellCycle/CellCycle/good/P33/146.png
1435	0	../data/CellCycle/CellCycle/good/P33/542.png
1436	0	../data/CellCycle/CellCycle/good/P33/580.png
1438	0	../data/CellCycle/CellCycle/good/P33/609.png
1444	0	../data/CellCycle/CellCycle/good/P35/189.png
1456	0	../data/CellCycle/CellCycle/good/P35/836.png
1464	0	../data/CellCycle/CellCycle/good/P35/74.png
1466	0	../data/CellCycle/CellCycle/good/P35/48.png
1470	0	../data/CellCycle/CellCycle/good/P35/49.png
1472	0	../data/CellCycle/CellCycle/good/P35/75.png
1478	0	../data/CellCycle/CellCycle/good/P35/366.png
1493	0	../data/CellCycle/CellCycle/good/P35/213.png
1494	0	../data/CellCycle/CellCycle/good/P35/575.png
1510	0	../data/CellCycle/CellCycle/good/P35/365.png
1514	0	../data/CellCycle/CellCycle/good/P35/99.png
1517	0	../data/CellCycle/CellCycle/good/P35/198.png
1519	0	../data/CellCycle/CellCycle/good/P35/749.png
1547	0	../data/CellCycle/CellCycle/good/P35/302.png
1555	0	../data/CellCycle/CellCycle/good/P35/512.png
1556	0	../data/CellCycle/CellCycle/good/P35/275.png
1563	0	../data/CellCycle/CellCycle/good/P35/301.png
1564	0	../data/CellCycle/CellCycle/good/P35/329.png
1565	0	../data/CellCycle/CellCycle/good/P35/305.png
1571	0	../data/CellCycle/CellCycle/good/P35/661.png
1575	0	../data/CellCycle/CellCycle/good/P35/258.png
1576	0	../data/CellCycle/CellCycle/good/P35/516.png
1577	0	../data/CellCycle/CellCycle/good/P35/112.png
1580	0	../data/CellCycle/CellCycle/good/P35/489.png
1582	0	../data/CellCycle/CellCycle/good/P35/310.png
1587	0	../data/CellCycle/CellCycle/good/P35/448.png
1590	0	../data/CellCycle/CellCycle/good/P35/104.png
1595	0	../data/CellCycle/CellCycle/good/P35/514.png
1596	0	../data/CellCycle/CellCycle/good/P35/299.png
1597	0	../data/CellCycle/CellCycle/good/P35/298.png
1600	0	../data/CellCycle/CellCycle/good/P35/717.png
1605	0	../data/CellCycle/CellCycle/good/P35/111.png
1607	0	../data/CellCycle/CellCycle/good/P35/307.png
1611	0	../data/CellCycle/CellCycle/good/P35/336.png
1614	0	../data/CellCycle/CellCycle/good/P35/487.png
1616	0	../data/CellCycle/CellCycle/good/P35/134.png
1622	0	../data/CellCycle/CellCycle/good/P35/295.png
1629	0	../data/CellCycle/CellCycle/good/P35/109.png
1642	0	../data/CellCycle/CellCycle/good/P35/686.png
1647	0	../data/CellCycle/CellCycle/good/P35/241.png
1652	0	../data/CellCycle/CellCycle/good/P35/693.png
1659	0	../data/CellCycle/CellCycle/good/P35/308.png
1665	0	../data/CellCycle/CellCycle/good/P35/250.png
1668	0	../data/CellCycle/CellCycle/good/P35/287.png
1672	0	../data/CellCycle/CellCycle/good/P35/721.png
1678	0	../data/CellCycle/CellCycle/good/P35/457.png
1681	0	../data/CellCycle/CellCycle/good/P35/333.png
1688	0	../data/CellCycle/CellCycle/good/P35/253.png
1695	0	../data/CellCycle/CellCycle/good/P35/656.png
1696	0	../data/CellCycle/CellCycle/good/P35/483.png
1697	0	../data/CellCycle/CellCycle/good/P35/454.png
1699	0	../data/CellCycle/CellCycle/good/P35/369.png
1702	0	../data/CellCycle/CellCycle/good/P35/427.png
1712	0	../data/CellCycle/CellCycle/good/P35/547.png
1720	0	../data/CellCycle/CellCycle/good/P35/156.png
1722	0	../data/CellCycle/CellCycle/good/P35/80.png
1729	0	../data/CellCycle/CellCycle/good/P35/424.png
1736	0	../data/CellCycle/CellCycle/good/P35/140.png
1737	0	../data/CellCycle/CellCycle/good/P35/626.png
1738	0	../data/CellCycle/CellCycle/good/P35/632.png
1740	0	../data/CellCycle/CellCycle/good/P35/41.png
1741	0	../data/CellCycle/CellCycle/good/P35/183.png
1745	0	../data/CellCycle/CellCycle/good/P35/746.png
1749	0	../data/CellCycle/CellCycle/good/P35/223.png
1762	0	../data/CellCycle/CellCycle/good/P35/357.png
1771	0	../data/CellCycle/CellCycle/good/P35/838.png
1775	0	../data/CellCycle/CellCycle/good/P35/804.png
1776	0	../data/CellCycle/CellCycle/good/P35/44.png
1777	0	../data/CellCycle/CellCycle/good/P35/810.png
1782	0	../data/CellCycle/CellCycle/good/P35/569.png
1783	0	../data/CellCycle/CellCycle/good/P35/596.png
1786	0	../data/CellCycle/CellCycle/good/P35/540.png
1792	0	../data/CellCycle/CellCycle/good/P35/193.png
1802	0	../data/CellCycle/CellCycle/good/P35/393.png
1804	0	../data/CellCycle/CellCycle/good/P35/634.png
1806	0	../data/CellCycle/CellCycle/good/P35/185.png
1810	0	../data/CellCycle/CellCycle/good/P35/224.png
1814	0	../data/CellCycle/CellCycle/good/P35/543.png
1818	0	../data/CellCycle/CellCycle/good/P35/52.png
1821	0	../data/CellCycle/CellCycle/good/P35/635.png
1824	0	../data/CellCycle/CellCycle/good/P35/423.png
1827	0	../data/CellCycle/CellCycle/good/P40/406.png
1842	0	../data/CellCycle/CellCycle/good/P40/773.png
1844	0	../data/CellCycle/CellCycle/good/P40/571.png
1854	0	../data/CellCycle/CellCycle/good/P40/602.png
1855	0	../data/CellCycle/CellCycle/good/P40/819.png
1856	0	../data/CellCycle/CellCycle/good/P40/825.png
1859	0	../data/CellCycle/CellCycle/good/P40/560.png
1861	0	../data/CellCycle/CellCycle/good/P40/950.png
1864	0	../data/CellCycle/CellCycle/good/P40/993.png
1872	0	../data/CellCycle/CellCycle/good/P40/775.png
1875	0	../data/CellCycle/CellCycle/good/P40/774.png
1878	0	../data/CellCycle/CellCycle/good/P40/303.png
1879	0	../data/CellCycle/CellCycle/good/P40/883.png
1888	0	../data/CellCycle/CellCycle/good/P40/706.png
1889	0	../data/CellCycle/CellCycle/good/P40/841.png
1900	0	../data/CellCycle/CellCycle/good/P40/923.png
1907	0	../data/CellCycle/CellCycle/good/P40/665.png
1914	0	../data/CellCycle/CellCycle/good/P40/675.png
1919	0	../data/CellCycle/CellCycle/good/P40/701.png
1920	0	../data/CellCycle/CellCycle/good/P40/729.png
1925	0	../data/CellCycle/CellCycle/good/P40/700.png
1927	0	../data/CellCycle/CellCycle/good/P40/890.png
1930	0	../data/CellCycle/CellCycle/good/P40/489.png
1937	0	../data/CellCycle/CellCycle/good/P40/879.png
1945	0	../data/CellCycle/CellCycle/good/P40/515.png
1946	0	../data/CellCycle/CellCycle/good/P40/924.png
1949	0	../data/CellCycle/CellCycle/good/P40/844.png
1952	0	../data/CellCycle/CellCycle/good/P40/887.png
1954	0	../data/CellCycle/CellCycle/good/P40/726.png
1958	0	../data/CellCycle/CellCycle/good/P40/530.png
1960	0	../data/CellCycle/CellCycle/good/P40/531.png
1963	0	../data/CellCycle/CellCycle/good/P40/914.png
1967	0	../data/CellCycle/CellCycle/good/P40/479.png
1968	0	../data/CellCycle/CellCycle/good/P40/453.png
1974	0	../data/CellCycle/CellCycle/good/P40/533.png
1986	0	../data/CellCycle/CellCycle/good/P40/456.png
1987	0	../data/CellCycle/CellCycle/good/P40/481.png
1995	0	../data/CellCycle/CellCycle/good/P40/669.png
2003	0	../data/CellCycle/CellCycle/good/P40/657.png
2006	0	../data/CellCycle/CellCycle/good/P40/535.png
2010	0	../data/CellCycle/CellCycle/good/P40/497.png
2011	0	../data/CellCycle/CellCycle/good/P40/332.png
2013	0	../data/CellCycle/CellCycle/good/P40/802.png
2016	0	../data/CellCycle/CellCycle/good/P40/989.png
2017	0	../data/CellCycle/CellCycle/good/P40/962.png
2025	0	../data/CellCycle/CellCycle/good/P40/368.png
2026	0	../data/CellCycle/CellCycle/good/P40/418.png
2033	0	../data/CellCycle/CellCycle/good/P40/586.png
2035	0	../data/CellCycle/CellCycle/good/P40/960.png
2036	0	../data/CellCycle/CellCycle/good/P40/633.png
2042	0	../data/CellCycle/CellCycle/good/P40/810.png
2047	0	../data/CellCycle/CellCycle/good/P40/554.png
2050	0	../data/CellCycle/CellCycle/good/P40/811.png
2053	0	../data/CellCycle/CellCycle/good/P40/622.png
2060	0	../data/CellCycle/CellCycle/good/P40/807.png
2063	0	../data/CellCycle/CellCycle/good/P40/782.png
2064	0	../data/CellCycle/CellCycle/good/P40/741.png
2067	0	../data/CellCycle/CellCycle/good/P40/621.png
2071	0	../data/CellCycle/CellCycle/good/P22/1145.png
2080	0	../data/CellCycle/CellCycle/good/P22/1421.png
2081	0	../data/CellCycle/CellCycle/good/P22/1347.png
2083	0	../data/CellCycle/CellCycle/good/P22/1435.png
2084	0	../data/CellCycle/CellCycle/good/P22/980.png
2094	0	../data/CellCycle/CellCycle/good/P22/1031.png
2101	0	../data/CellCycle/CellCycle/good/P22/1554.png
2107	0	../data/CellCycle/CellCycle/good/P22/1420.png
2111	0	../data/CellCycle/CellCycle/good/P22/1150.png
2113	0	../data/CellCycle/CellCycle/good/P22/1622.png
2114	0	../data/CellCycle/CellCycle/good/P22/1193.png
2116	0	../data/CellCycle/CellCycle/good/P22/375.png
2121	0	../data/CellCycle/CellCycle/good/P22/1152.png
2122	0	../data/CellCycle/CellCycle/good/P22/1620.png
2125	0	../data/CellCycle/CellCycle/good/P22/613.png
2131	0	../data/CellCycle/CellCycle/good/P22/1422.png
2132	0	../data/CellCycle/CellCycle/good/P22/1581.png
2135	0	../data/CellCycle/CellCycle/good/P22/2063.png
2137	0	../data/CellCycle/CellCycle/good/P22/1224.png
2141	0	../data/CellCycle/CellCycle/good/P22/1783.png
2143	0	../data/CellCycle/CellCycle/good/P22/1026.png
2145	0	../data/CellCycle/CellCycle/good/P22/1032.png
2152	0	../data/CellCycle/CellCycle/good/P22/1557.png
2154	0	../data/CellCycle/CellCycle/good/P22/969.png
2156	0	../data/CellCycle/CellCycle/good/P22/1594.png
2157	0	../data/CellCycle/CellCycle/good/P22/1580.png
2164	0	../data/CellCycle/CellCycle/good/P22/612.png
2165	0	../data/CellCycle/CellCycle/good/P22/606.png
2177	0	../data/CellCycle/CellCycle/good/P22/602.png
2187	0	../data/CellCycle/CellCycle/good/P22/2072.png
2191	0	../data/CellCycle/CellCycle/good/P22/206.png
2195	0	../data/CellCycle/CellCycle/good/P22/1779.png
2201	0	../data/CellCycle/CellCycle/good/P22/2067.png
2212	0	../data/CellCycle/CellCycle/good/P22/1432.png
2217	0	../data/CellCycle/CellCycle/good/P22/373.png
2227	0	../data/CellCycle/CellCycle/good/P22/1593.png
2234	0	../data/CellCycle/CellCycle/good/P22/1034.png
2236	0	../data/CellCycle/CellCycle/good/P22/1784.png
2239	0	../data/CellCycle/CellCycle/good/P22/1948.png
2240	0	../data/CellCycle/CellCycle/good/P22/1579.png
2245	0	../data/CellCycle/CellCycle/good/P22/1419.png
2261	0	../data/CellCycle/CellCycle/good/P22/1495.png
2266	0	../data/CellCycle/CellCycle/good/P22/1324.png
2274	0	../data/CellCycle/CellCycle/good/P22/1536.png
2275	0	../data/CellCycle/CellCycle/good/P22/1522.png
2277	0	../data/CellCycle/CellCycle/good/P22/1091.png
2279	0	../data/CellCycle/CellCycle/good/P22/1708.png
2281	0	../data/CellCycle/CellCycle/good/P22/1720.png
2292	0	../data/CellCycle/CellCycle/good/P22/2016.png
2304	0	../data/CellCycle/CellCycle/good/P22/666.png
2319	0	../data/CellCycle/CellCycle/good/P22/1482.png
2325	0	../data/CellCycle/CellCycle/good/P22/1290.png
2331	0	../data/CellCycle/CellCycle/good/P22/1253.png
2334	0	../data/CellCycle/CellCycle/good/P22/1092.png
2335	0	../data/CellCycle/CellCycle/good/P22/1079.png
2336	0	../data/CellCycle/CellCycle/good/P22/1723.png
2339	0	../data/CellCycle/CellCycle/good/P22/1722.png
2341	0	../data/CellCycle/CellCycle/good/P22/1093.png
2342	0	../data/CellCycle/CellCycle/good/P22/1939.png
2343	0	../data/CellCycle/CellCycle/good/P22/1087.png
2345	0	../data/CellCycle/CellCycle/good/P22/1520.png
2346	0	../data/CellCycle/CellCycle/good/P22/2001.png
2349	0	../data/CellCycle/CellCycle/good/P22/1285.png
2351	0	../data/CellCycle/CellCycle/good/P22/1440.png
2353	0	../data/CellCycle/CellCycle/good/P22/1332.png
2354	0	../data/CellCycle/CellCycle/good/P22/856.png
2358	0	../data/CellCycle/CellCycle/good/P22/1497.png
2368	0	../data/CellCycle/CellCycle/good/P22/488.png
2370	0	../data/CellCycle/CellCycle/good/P22/1487.png
2404	0	../data/CellCycle/CellCycle/good/P22/1121.png
2406	0	../data/CellCycle/CellCycle/good/P22/1653.png
2412	0	../data/CellCycle/CellCycle/good/P22/676.png
2426	0	../data/CellCycle/CellCycle/good/P22/1080.png
2427	0	../data/CellCycle/CellCycle/good/P22/1057.png
2428	0	../data/CellCycle/CellCycle/good/P22/1731.png
2432	0	../data/CellCycle/CellCycle/good/P22/1724.png
2443	0	../data/CellCycle/CellCycle/good/P22/1308.png
2448	0	../data/CellCycle/CellCycle/good/P22/1485.png
2449	0	../data/CellCycle/CellCycle/good/P22/677.png
2454	0	../data/CellCycle/CellCycle/good/P22/1852.png
2465	0	../data/CellCycle/CellCycle/good/P22/875.png
2467	0	../data/CellCycle/CellCycle/good/P22/1305.png
2480	0	../data/CellCycle/CellCycle/good/P22/1067.png
2481	0	../data/CellCycle/CellCycle/good/P22/1701.png
2485	0	../data/CellCycle/CellCycle/good/P22/1099.png
2487	0	../data/CellCycle/CellCycle/good/P22/1270.png
2488	0	../data/CellCycle/CellCycle/good/P22/914.png
2490	0	../data/CellCycle/CellCycle/good/P22/733.png
2498	0	../data/CellCycle/CellCycle/good/P22/2180.png
2508	0	../data/CellCycle/CellCycle/good/P22/321.png
2509	0	../data/CellCycle/CellCycle/good/P22/1892.png
2510	0	../data/CellCycle/CellCycle/good/P22/1138.png
2520	0	../data/CellCycle/CellCycle/good/P22/876.png
2521	0	../data/CellCycle/CellCycle/good/P22/1312.png
2523	0	../data/CellCycle/CellCycle/good/P22/1306.png
2526	0	../data/CellCycle/CellCycle/good/P22/1500.png
2533	0	../data/CellCycle/CellCycle/good/P22/1273.png
2539	0	../data/CellCycle/CellCycle/good/P22/1461.png
2546	0	../data/CellCycle/CellCycle/good/P22/1663.png
2551	0	../data/CellCycle/CellCycle/good/P22/1850.png
2559	0	../data/CellCycle/CellCycle/good/P22/1883.png
2563	0	../data/CellCycle/CellCycle/good/P22/1317.png
2572	0	../data/CellCycle/CellCycle/good/P22/536.png
2598	0	../data/CellCycle/CellCycle/good/P22/1699.png
2600	0	../data/CellCycle/CellCycle/good/P22/443.png
2607	0	../data/CellCycle/CellCycle/good/P22/1894.png
2610	0	../data/CellCycle/CellCycle/good/P22/858.png
2617	0	../data/CellCycle/CellCycle/good/P22/1260.png
2627	0	../data/CellCycle/CellCycle/good/P22/1711.png
2629	0	../data/CellCycle/CellCycle/good/P22/534.png
2635	0	../data/CellCycle/CellCycle/good/P22/736.png
2640	0	../data/CellCycle/CellCycle/good/P22/681.png
2648	0	../data/CellCycle/CellCycle/good/P22/497.png
2650	0	../data/CellCycle/CellCycle/good/P22/1842.png
2652	0	../data/CellCycle/CellCycle/good/P22/1825.png
2654	0	../data/CellCycle/CellCycle/good/P22/433.png
2655	0	../data/CellCycle/CellCycle/good/P22/1158.png
2656	0	../data/CellCycle/CellCycle/good/P22/1164.png
2663	0	../data/CellCycle/CellCycle/good/P22/816.png
2672	0	../data/CellCycle/CellCycle/good/P22/1212.png
2677	0	../data/CellCycle/CellCycle/good/P22/1560.png
2683	0	../data/CellCycle/CellCycle/good/P22/1038.png
2690	0	../data/CellCycle/CellCycle/good/P22/1944.png
2692	0	../data/CellCycle/CellCycle/good/P22/1950.png
2695	0	../data/CellCycle/CellCycle/good/P22/2068.png
2697	0	../data/CellCycle/CellCycle/good/P22/1213.png
2701	0	../data/CellCycle/CellCycle/good/P22/1401.png
2702	0	../data/CellCycle/CellCycle/good/P22/1367.png
2705	0	../data/CellCycle/CellCycle/good/P22/817.png
2710	0	../data/CellCycle/CellCycle/good/P22/1171.png
2724	0	../data/CellCycle/CellCycle/good/P22/1365.png
2732	0	../data/CellCycle/CellCycle/good/P22/1952.png
2733	0	../data/CellCycle/CellCycle/good/P22/550.png
2738	0	../data/CellCycle/CellCycle/good/P22/592.png
2747	0	../data/CellCycle/CellCycle/good/P22/2057.png
2750	0	../data/CellCycle/CellCycle/good/P22/747.png
2771	0	../data/CellCycle/CellCycle/good/P22/804.png
2772	0	../data/CellCycle/CellCycle/good/P22/1348.png
2775	0	../data/CellCycle/CellCycle/good/P22/1599.png
2781	0	../data/CellCycle/CellCycle/good/P22/1228.png
2786	0	../data/CellCycle/CellCycle/good/P22/1771.png
2804	0	../data/CellCycle/CellCycle/good/P22/1375.png
2811	0	../data/CellCycle/CellCycle/good/P22/1836.png
2816	0	../data/CellCycle/CellCycle/good/P22/1607.png
2821	0	../data/CellCycle/CellCycle/good/P22/608.png
2828	0	../data/CellCycle/CellCycle/good/P22/2124.png
2838	0	../data/CellCycle/CellCycle/good/P22/556.png
2840	0	../data/CellCycle/CellCycle/good/P22/1940.png
2842	0	../data/CellCycle/CellCycle/good/P22/1767.png
2847	0	../data/CellCycle/CellCycle/good/P22/594.png
2860	0	../data/CellCycle/CellCycle/good/P22/999.png
2868	0	../data/CellCycle/CellCycle/good/P22/1389.png
2871	0	../data/CellCycle/CellCycle/good/P22/1174.png
2876	0	../data/CellCycle/CellCycle/good/P22/379.png
2877	0	../data/CellCycle/CellCycle/good/P22/437.png
2878	0	../data/CellCycle/CellCycle/good/P23/412.png
2879	0	../data/CellCycle/CellCycle/good/P23/374.png
2886	0	../data/CellCycle/CellCycle/good/P23/610.png
2890	0	../data/CellCycle/CellCycle/good/P23/1421.png
2904	0	../data/CellCycle/CellCycle/good/P23/1024.png
2908	0	../data/CellCycle/CellCycle/good/P23/201.png
2910	0	../data/CellCycle/CellCycle/good/P23/1226.png
2917	0	../data/CellCycle/CellCycle/good/P23/1434.png
2922	0	../data/CellCycle/CellCycle/good/P23/1385.png
2928	0	../data/CellCycle/CellCycle/good/P23/1193.png
2930	0	../data/CellCycle/CellCycle/good/P23/413.png
2941	0	../data/CellCycle/CellCycle/good/P23/607.png
2942	0	../data/CellCycle/CellCycle/good/P23/1387.png
2951	0	../data/CellCycle/CellCycle/good/P23/1224.png
2960	0	../data/CellCycle/CellCycle/good/P23/1225.png
2962	0	../data/CellCycle/CellCycle/good/P23/799.png
2964	0	../data/CellCycle/CellCycle/good/P23/982.png
2968	0	../data/CellCycle/CellCycle/good/P23/1351.png
2969	0	../data/CellCycle/CellCycle/good/P23/1379.png
2971	0	../data/CellCycle/CellCycle/good/P23/1386.png
2974	0	../data/CellCycle/CellCycle/good/P23/1392.png
2979	0	../data/CellCycle/CellCycle/good/P23/1184.png
2984	0	../data/CellCycle/CellCycle/good/P23/1180.png
2993	0	../data/CellCycle/CellCycle/good/P23/1427.png
2994	0	../data/CellCycle/CellCycle/good/P23/1341.png
3017	0	../data/CellCycle/CellCycle/good/P23/1397.png
3018	0	../data/CellCycle/CellCycle/good/P23/1156.png
3024	0	../data/CellCycle/CellCycle/good/P23/371.png
3025	0	../data/CellCycle/CellCycle/good/P23/1183.png
3026	0	../data/CellCycle/CellCycle/good/P23/417.png
3027	0	../data/CellCycle/CellCycle/good/P23/403.png
3031	0	../data/CellCycle/CellCycle/good/P23/1140.png
3035	0	../data/CellCycle/CellCycle/good/P23/1395.png
3036	0	../data/CellCycle/CellCycle/good/P23/99.png
3041	0	../data/CellCycle/CellCycle/good/P23/1356.png
3045	0	../data/CellCycle/CellCycle/good/P23/826.png
3048	0	../data/CellCycle/CellCycle/good/P23/1236.png
3051	0	../data/CellCycle/CellCycle/good/P23/239.png
3059	0	../data/CellCycle/CellCycle/good/P23/1237.png
3073	0	../data/CellCycle/CellCycle/good/P23/358.png
3075	0	../data/CellCycle/CellCycle/good/P23/402.png
3078	0	../data/CellCycle/CellCycle/good/P23/1182.png
3085	0	../data/CellCycle/CellCycle/good/P23/115.png
3086	0	../data/CellCycle/CellCycle/good/P23/1481.png
3089	0	../data/CellCycle/CellCycle/good/P23/868.png
3091	0	../data/CellCycle/CellCycle/good/P23/1442.png
3093	0	../data/CellCycle/CellCycle/good/P23/1293.png
3095	0	../data/CellCycle/CellCycle/good/P23/713.png
3096	0	../data/CellCycle/CellCycle/good/P23/920.png
3097	0	../data/CellCycle/CellCycle/good/P23/934.png
3103	0	../data/CellCycle/CellCycle/good/P23/505.png
3111	0	../data/CellCycle/CellCycle/good/P23/504.png
3116	0	../data/CellCycle/CellCycle/good/P23/1251.png
3118	0	../data/CellCycle/CellCycle/good/P23/712.png
3124	0	../data/CellCycle/CellCycle/good/P23/1443.png
3132	0	../data/CellCycle/CellCycle/good/P23/1133.png
3134	0	../data/CellCycle/CellCycle/good/P23/1127.png
3136	0	../data/CellCycle/CellCycle/good/P23/458.png
3144	0	../data/CellCycle/CellCycle/good/P23/670.png
3147	0	../data/CellCycle/CellCycle/good/P23/1333.png
3148	0	../data/CellCycle/CellCycle/good/P23/1441.png
3167	0	../data/CellCycle/CellCycle/good/P23/1093.png
3179	0	../data/CellCycle/CellCycle/good/P23/1326.png
3185	0	../data/CellCycle/CellCycle/good/P23/895.png
3189	0	../data/CellCycle/CellCycle/good/P23/329.png
3195	0	../data/CellCycle/CellCycle/good/P23/107.png
3197	0	../data/CellCycle/CellCycle/good/P23/1487.png
3202	0	../data/CellCycle/CellCycle/good/P23/846.png
3203	0	../data/CellCycle/CellCycle/good/P23/852.png
3205	0	../data/CellCycle/CellCycle/good/P23/1281.png
3206	0	../data/CellCycle/CellCycle/good/P23/715.png
3207	0	../data/CellCycle/CellCycle/good/P23/1295.png
3213	0	../data/CellCycle/CellCycle/good/P23/932.png
3216	0	../data/CellCycle/CellCycle/good/P23/1040.png
3221	0	../data/CellCycle/CellCycle/good/P23/1519.png
3223	0	../data/CellCycle/CellCycle/good/P23/1257.png
3232	0	../data/CellCycle/CellCycle/good/P23/1337.png
3236	0	../data/CellCycle/CellCycle/good/P23/106.png
3241	0	../data/CellCycle/CellCycle/good/P23/462.png
3248	0	../data/CellCycle/CellCycle/good/P23/676.png
3252	0	../data/CellCycle/CellCycle/good/P23/886.png
3259	0	../data/CellCycle/CellCycle/good/P23/1296.png
3267	0	../data/CellCycle/CellCycle/good/P23/1094.png
3271	0	../data/CellCycle/CellCycle/good/P23/1081.png
3274	0	../data/CellCycle/CellCycle/good/P23/930.png
3275	0	../data/CellCycle/CellCycle/good/P23/1268.png
3280	0	../data/CellCycle/CellCycle/good/P23/717.png
3284	0	../data/CellCycle/CellCycle/good/P23/844.png
3287	0	../data/CellCycle/CellCycle/good/P23/1334.png
3289	0	../data/CellCycle/CellCycle/good/P23/887.png
3293	0	../data/CellCycle/CellCycle/good/P23/1650.png
3296	0	../data/CellCycle/CellCycle/good/P23/461.png
3304	0	../data/CellCycle/CellCycle/good/P23/875.png
3320	0	../data/CellCycle/CellCycle/good/P23/242.png
3322	0	../data/CellCycle/CellCycle/good/P23/1073.png
3326	0	../data/CellCycle/CellCycle/good/P23/1072.png
3328	0	../data/CellCycle/CellCycle/good/P23/519.png
3329	0	../data/CellCycle/CellCycle/good/P23/1270.png
3339	0	../data/CellCycle/CellCycle/good/P23/1338.png
3343	0	../data/CellCycle/CellCycle/good/P23/1112.png
3347	0	../data/CellCycle/CellCycle/good/P23/447.png
3353	0	../data/CellCycle/CellCycle/good/P23/651.png
3354	0	../data/CellCycle/CellCycle/good/P23/889.png
3362	0	../data/CellCycle/CellCycle/good/P23/731.png
3373	0	../data/CellCycle/CellCycle/good/P23/1267.png
3376	0	../data/CellCycle/CellCycle/good/P23/730.png
3383	0	../data/CellCycle/CellCycle/good/P23/1475.png
3393	0	../data/CellCycle/CellCycle/good/P23/324.png
3395	0	../data/CellCycle/CellCycle/good/P23/456.png
3403	0	../data/CellCycle/CellCycle/good/P23/1303.png
3405	0	../data/CellCycle/CellCycle/good/P23/1465.png
3408	0	../data/CellCycle/CellCycle/good/P23/1288.png
3415	0	../data/CellCycle/CellCycle/good/P23/1049.png
3416	0	../data/CellCycle/CellCycle/good/P23/1048.png
3420	0	../data/CellCycle/CellCycle/good/P23/245.png
3421	0	../data/CellCycle/CellCycle/good/P23/523.png
3425	0	../data/CellCycle/CellCycle/good/P23/1510.png
3427	0	../data/CellCycle/CellCycle/good/P23/709.png
3441	0	../data/CellCycle/CellCycle/good/P23/455.png
3446	0	../data/CellCycle/CellCycle/good/P23/1466.png
3450	0	../data/CellCycle/CellCycle/good/P23/1472.png
3455	0	../data/CellCycle/CellCycle/good/P23/938.png
3471	0	../data/CellCycle/CellCycle/good/P23/1249.png
3478	0	../data/CellCycle/CellCycle/good/P23/1315.png
3482	0	../data/CellCycle/CellCycle/good/P23/1301.png
3486	0	../data/CellCycle/CellCycle/good/P23/497.png
3503	0	../data/CellCycle/CellCycle/good/P23/1372.png
3506	0	../data/CellCycle/CellCycle/good/P23/976.png
3510	0	../data/CellCycle/CellCycle/good/P23/1560.png
3519	0	../data/CellCycle/CellCycle/good/P23/546.png
3521	0	../data/CellCycle/CellCycle/good/P23/1561.png
3524	0	../data/CellCycle/CellCycle/good/P23/977.png
3531	0	../data/CellCycle/CellCycle/good/P23/1401.png
3532	0	../data/CellCycle/CellCycle/good/P23/803.png
3533	0	../data/CellCycle/CellCycle/good/P23/1429.png
3538	0	../data/CellCycle/CellCycle/good/P23/1171.png
3540	0	../data/CellCycle/CellCycle/good/P23/432.png
3543	0	../data/CellCycle/CellCycle/good/P23/1198.png
3544	0	../data/CellCycle/CellCycle/good/P23/430.png
3545	0	../data/CellCycle/CellCycle/good/P23/1167.png
3551	0	../data/CellCycle/CellCycle/good/P23/1371.png
3554	0	../data/CellCycle/CellCycle/good/P23/197.png
3564	0	../data/CellCycle/CellCycle/good/P23/593.png
3583	0	../data/CellCycle/CellCycle/good/P23/1358.png
3588	0	../data/CellCycle/CellCycle/good/P23/1199.png
3594	0	../data/CellCycle/CellCycle/good/P23/151.png
3595	0	../data/CellCycle/CellCycle/good/P23/1374.png
3598	0	../data/CellCycle/CellCycle/good/P23/1348.png
3609	0	../data/CellCycle/CellCycle/good/P23/1002.png
3611	0	../data/CellCycle/CellCycle/good/P23/1016.png
3616	0	../data/CellCycle/CellCycle/good/P23/540.png
3617	0	../data/CellCycle/CellCycle/good/P23/965.png
3618	0	../data/CellCycle/CellCycle/good/P23/959.png
3623	0	../data/CellCycle/CellCycle/good/P23/742.png
3635	0	../data/CellCycle/CellCycle/good/P23/1611.png
3637	0	../data/CellCycle/CellCycle/good/P23/408.png
3639	0	../data/CellCycle/CellCycle/good/P23/420.png
3643	0	../data/CellCycle/CellCycle/good/P23/1149.png
3649	0	../data/CellCycle/CellCycle/good/P23/1439.png
3651	0	../data/CellCycle/CellCycle/good/P23/754.png
3666	0	../data/CellCycle/CellCycle/good/P23/543.png
3674	0	../data/CellCycle/CellCycle/good/P23/741.png
3676	0	../data/CellCycle/CellCycle/good/P23/806.png
3678	0	../data/CellCycle/CellCycle/good/P23/1376.png
3688	0	../data/CellCycle/CellCycle/good/P39/404.png
3689	0	../data/CellCycle/CellCycle/good/P39/400.png
3690	0	../data/CellCycle/CellCycle/good/P39/372.png
3695	0	../data/CellCycle/CellCycle/good/P39/458.png
3696	0	../data/CellCycle/CellCycle/good/P39/260.png
3698	0	../data/CellCycle/CellCycle/good/P39/463.png
3699	0	../data/CellCycle/CellCycle/good/P39/339.png
3700	0	../data/CellCycle/CellCycle/good/P39/500.png
3701	0	../data/CellCycle/CellCycle/good/P39/298.png
3704	0	../data/CellCycle/CellCycle/good/P39/718.png
3705	0	../data/CellCycle/CellCycle/good/P39/308.png
3706	0	../data/CellCycle/CellCycle/good/P39/495.png
3708	0	../data/CellCycle/CellCycle/good/P39/494.png
3709	0	../data/CellCycle/CellCycle/good/P39/619.png
3710	0	../data/CellCycle/CellCycle/good/P39/591.png
3711	0	../data/CellCycle/CellCycle/good/P39/750.png
3713	0	../data/CellCycle/CellCycle/good/P39/432.png
3715	0	../data/CellCycle/CellCycle/good/P39/435.png
3722	0	../data/CellCycle/CellCycle/good/P30/639.png
3725	0	../data/CellCycle/CellCycle/good/P30/411.png
3726	0	../data/CellCycle/CellCycle/good/P30/388.png
3731	0	../data/CellCycle/CellCycle/good/P30/565.png
3736	0	../data/CellCycle/CellCycle/good/P30/389.png
3751	0	../data/CellCycle/CellCycle/good/P30/429.png
3758	0	../data/CellCycle/CellCycle/good/P30/370.png
3765	0	../data/CellCycle/CellCycle/good/P30/470.png
3766	0	../data/CellCycle/CellCycle/good/P30/458.png
3768	0	../data/CellCycle/CellCycle/good/P30/466.png
3773	0	../data/CellCycle/CellCycle/good/P30/249.png
3777	0	../data/CellCycle/CellCycle/good/P30/477.png
3778	0	../data/CellCycle/CellCycle/good/P30/649.png
3781	0	../data/CellCycle/CellCycle/good/P30/503.png
3782	0	../data/CellCycle/CellCycle/good/P30/502.png
3786	0	../data/CellCycle/CellCycle/good/P30/474.png
3797	0	../data/CellCycle/CellCycle/good/P30/732.png
3802	0	../data/CellCycle/CellCycle/good/P30/257.png
3805	0	../data/CellCycle/CellCycle/good/P30/733.png
3808	0	../data/CellCycle/CellCycle/good/P30/653.png
3809	0	../data/CellCycle/CellCycle/good/P30/479.png
3811	0	../data/CellCycle/CellCycle/good/P30/645.png
3818	0	../data/CellCycle/CellCycle/good/P30/687.png
3819	0	../data/CellCycle/CellCycle/good/P30/644.png
3825	0	../data/CellCycle/CellCycle/good/P30/734.png
3832	0	../data/CellCycle/CellCycle/good/P30/696.png
3838	0	../data/CellCycle/CellCycle/good/P30/327.png
3839	0	../data/CellCycle/CellCycle/good/P30/469.png
3844	0	../data/CellCycle/CellCycle/good/P30/290.png
3846	0	../data/CellCycle/CellCycle/good/P30/285.png
3847	0	../data/CellCycle/CellCycle/good/P30/520.png
3849	0	../data/CellCycle/CellCycle/good/P30/681.png
3851	0	../data/CellCycle/CellCycle/good/P30/468.png
3857	0	../data/CellCycle/CellCycle/good/P30/426.png
3864	0	../data/CellCycle/CellCycle/good/P30/380.png
3865	0	../data/CellCycle/CellCycle/good/P30/431.png
3872	0	../data/CellCycle/CellCycle/good/P30/568.png
3876	0	../data/CellCycle/CellCycle/good/P30/436.png
3879	0	../data/CellCycle/CellCycle/good/P30/378.png
3880	0	../data/CellCycle/CellCycle/good/P30/393.png
3887	0	../data/CellCycle/CellCycle/good/P37/412.png
3889	0	../data/CellCycle/CellCycle/good/P37/406.png
3900	0	../data/CellCycle/CellCycle/good/P37/439.png
3901	0	../data/CellCycle/CellCycle/good/P37/405.png
3902	0	../data/CellCycle/CellCycle/good/P37/377.png
3915	0	../data/CellCycle/CellCycle/good/P37/438.png
3918	0	../data/CellCycle/CellCycle/good/P37/212.png
3920	0	../data/CellCycle/CellCycle/good/P37/207.png
3926	0	../data/CellCycle/CellCycle/good/P37/417.png
3929	0	../data/CellCycle/CellCycle/good/P37/205.png
3948	0	../data/CellCycle/CellCycle/good/P37/472.png
3950	0	../data/CellCycle/CellCycle/good/P37/116.png
3957	0	../data/CellCycle/CellCycle/good/P37/315.png
3959	0	../data/CellCycle/CellCycle/good/P37/311.png
3967	0	../data/CellCycle/CellCycle/good/P37/310.png
3981	0	../data/CellCycle/CellCycle/good/P37/313.png
4007	0	../data/CellCycle/CellCycle/good/P37/324.png
4015	0	../data/CellCycle/CellCycle/good/P37/245.png
4016	0	../data/CellCycle/CellCycle/good/P37/251.png
4017	0	../data/CellCycle/CellCycle/good/P37/319.png
4024	0	../data/CellCycle/CellCycle/good/P37/284.png
4027	0	../data/CellCycle/CellCycle/good/P37/285.png
4029	0	../data/CellCycle/CellCycle/good/P37/118.png
4034	0	../data/CellCycle/CellCycle/good/P37/341.png
4039	0	../data/CellCycle/CellCycle/good/P37/221.png
4043	0	../data/CellCycle/CellCycle/good/P37/142.png
4044	0	../data/CellCycle/CellCycle/good/P37/156.png
4047	0	../data/CellCycle/CellCycle/good/P37/340.png
4051	0	../data/CellCycle/CellCycle/good/P37/342.png
4052	0	../data/CellCycle/CellCycle/good/P37/356.png
4061	0	../data/CellCycle/CellCycle/good/P37/155.png
4070	0	../data/CellCycle/CellCycle/good/P37/435.png
4079	0	../data/CellCycle/CellCycle/good/P37/79.png
4087	0	../data/CellCycle/CellCycle/good/P37/346.png
4093	0	../data/CellCycle/CellCycle/good/P37/378.png
4095	0	../data/CellCycle/CellCycle/good/P37/152.png
4099	0	../data/CellCycle/CellCycle/good/P37/53.png
4108	0	../data/CellCycle/CellCycle/good/P37/153.png
4115	0	../data/CellCycle/CellCycle/good/P36/360.png
4116	0	../data/CellCycle/CellCycle/good/P36/638.png
4119	0	../data/CellCycle/CellCycle/good/P36/77.png
4125	0	../data/CellCycle/CellCycle/good/P36/566.png
4132	0	../data/CellCycle/CellCycle/good/P36/771.png
4137	0	../data/CellCycle/CellCycle/good/P36/605.png
4139	0	../data/CellCycle/CellCycle/good/P36/611.png
4145	0	../data/CellCycle/CellCycle/good/P36/613.png
4148	0	../data/CellCycle/CellCycle/good/P36/834.png
4155	0	../data/CellCycle/CellCycle/good/P36/565.png
4156	0	../data/CellCycle/CellCycle/good/P36/564.png
4163	0	../data/CellCycle/CellCycle/good/P36/835.png
4171	0	../data/CellCycle/CellCycle/good/P36/414.png
4173	0	../data/CellCycle/CellCycle/good/P36/602.png
4174	0	../data/CellCycle/CellCycle/good/P36/164.png
4179	0	../data/CellCycle/CellCycle/good/P36/789.png
4183	0	../data/CellCycle/CellCycle/good/P36/561.png
4184	0	../data/CellCycle/CellCycle/good/P36/207.png
4194	0	../data/CellCycle/CellCycle/good/P36/359.png
4197	0	../data/CellCycle/CellCycle/good/P36/629.png
4200	0	../data/CellCycle/CellCycle/good/P36/826.png
4201	0	../data/CellCycle/CellCycle/good/P36/761.png
4202	0	../data/CellCycle/CellCycle/good/P36/749.png
4203	0	../data/CellCycle/CellCycle/good/P36/952.png
4207	0	../data/CellCycle/CellCycle/good/P36/588.png
4208	0	../data/CellCycle/CellCycle/good/P36/576.png
4211	0	../data/CellCycle/CellCycle/good/P36/953.png
4217	0	../data/CellCycle/CellCycle/good/P36/166.png
4220	0	../data/CellCycle/CellCycle/good/P36/459.png
4225	0	../data/CellCycle/CellCycle/good/P36/667.png
4227	0	../data/CellCycle/CellCycle/good/P36/707.png
4231	0	../data/CellCycle/CellCycle/good/P36/510.png
4234	0	../data/CellCycle/CellCycle/good/P36/538.png
4239	0	../data/CellCycle/CellCycle/good/P36/666.png
4255	0	../data/CellCycle/CellCycle/good/P36/843.png
4261	0	../data/CellCycle/CellCycle/good/P36/512.png
4262	0	../data/CellCycle/CellCycle/good/P36/506.png
4263	0	../data/CellCycle/CellCycle/good/P36/513.png
4269	0	../data/CellCycle/CellCycle/good/P36/895.png
4270	0	../data/CellCycle/CellCycle/good/P36/659.png
4276	0	../data/CellCycle/CellCycle/good/P36/107.png
4282	0	../data/CellCycle/CellCycle/good/P36/701.png
4283	0	../data/CellCycle/CellCycle/good/P36/729.png
4287	0	../data/CellCycle/CellCycle/good/P36/503.png
4289	0	../data/CellCycle/CellCycle/good/P36/516.png
4300	0	../data/CellCycle/CellCycle/good/P36/489.png
4305	0	../data/CellCycle/CellCycle/good/P36/662.png
4308	0	../data/CellCycle/CellCycle/good/P36/879.png
4315	0	../data/CellCycle/CellCycle/good/P36/514.png
4318	0	../data/CellCycle/CellCycle/good/P36/501.png
4325	0	../data/CellCycle/CellCycle/good/P36/663.png
4327	0	../data/CellCycle/CellCycle/good/P36/677.png
4328	0	../data/CellCycle/CellCycle/good/P36/449.png
4333	0	../data/CellCycle/CellCycle/good/P36/322.png
4344	0	../data/CellCycle/CellCycle/good/P36/929.png
4347	0	../data/CellCycle/CellCycle/good/P36/531.png
4351	0	../data/CellCycle/CellCycle/good/P36/733.png
4352	0	../data/CellCycle/CellCycle/good/P36/727.png
4361	0	../data/CellCycle/CellCycle/good/P36/479.png
4362	0	../data/CellCycle/CellCycle/good/P36/447.png
4363	0	../data/CellCycle/CellCycle/good/P36/453.png
4373	0	../data/CellCycle/CellCycle/good/P36/719.png
4374	0	../data/CellCycle/CellCycle/good/P36/731.png
4378	0	../data/CellCycle/CellCycle/good/P36/533.png
4380	0	../data/CellCycle/CellCycle/good/P36/526.png
4384	0	../data/CellCycle/CellCycle/good/P36/730.png
4391	0	../data/CellCycle/CellCycle/good/P36/644.png
4397	0	../data/CellCycle/CellCycle/good/P36/324.png
4398	0	../data/CellCycle/CellCycle/good/P36/330.png
4402	0	../data/CellCycle/CellCycle/good/P36/132.png
4407	0	../data/CellCycle/CellCycle/good/P36/720.png
4416	0	../data/CellCycle/CellCycle/good/P36/696.png
4428	0	../data/CellCycle/CellCycle/good/P36/469.png
4431	0	../data/CellCycle/CellCycle/good/P36/657.png
4433	0	../data/CellCycle/CellCycle/good/P36/694.png
4442	0	../data/CellCycle/CellCycle/good/P36/290.png
4449	0	../data/CellCycle/CellCycle/good/P36/695.png
4454	0	../data/CellCycle/CellCycle/good/P36/332.png
4458	0	../data/CellCycle/CellCycle/good/P36/619.png
4463	0	../data/CellCycle/CellCycle/good/P36/802.png
4489	0	../data/CellCycle/CellCycle/good/P36/418.png
4490	0	../data/CellCycle/CellCycle/good/P36/424.png
4493	0	../data/CellCycle/CellCycle/good/P36/801.png
4495	0	../data/CellCycle/CellCycle/good/P36/829.png
4496	0	../data/CellCycle/CellCycle/good/P36/69.png
4498	0	../data/CellCycle/CellCycle/good/P36/752.png
4500	0	../data/CellCycle/CellCycle/good/P36/785.png
4502	0	../data/CellCycle/CellCycle/good/P36/550.png
4504	0	../data/CellCycle/CellCycle/good/P36/544.png
4506	0	../data/CellCycle/CellCycle/good/P36/587.png
4509	0	../data/CellCycle/CellCycle/good/P36/551.png
4515	0	../data/CellCycle/CellCycle/good/P36/753.png
4516	0	../data/CellCycle/CellCycle/good/P36/828.png
4528	0	../data/CellCycle/CellCycle/good/P36/637.png
4532	0	../data/CellCycle/CellCycle/good/P36/743.png
4534	0	../data/CellCycle/CellCycle/good/P36/541.png
4538	0	../data/CellCycle/CellCycle/good/P36/597.png
4540	0	../data/CellCycle/CellCycle/good/P36/540.png
4547	0	../data/CellCycle/CellCycle/good/P36/756.png
4548	0	../data/CellCycle/CellCycle/good/P36/45.png
4559	0	../data/CellCycle/CellCycle/good/P36/813.png
4563	0	../data/CellCycle/CellCycle/good/P36/768.png
4564	0	../data/CellCycle/CellCycle/good/P36/783.png
4571	0	../data/CellCycle/CellCycle/good/P36/580.png
4583	0	../data/CellCycle/CellCycle/good/P38/348.png
4590	0	../data/CellCycle/CellCycle/good/P38/89.png
4591	0	../data/CellCycle/CellCycle/good/P38/639.png
4595	0	../data/CellCycle/CellCycle/good/P38/363.png
4614	0	../data/CellCycle/CellCycle/good/P38/548.png
4620	0	../data/CellCycle/CellCycle/good/P38/373.png
4627	0	../data/CellCycle/CellCycle/good/P38/173.png
4628	0	../data/CellCycle/CellCycle/good/P38/211.png
4632	0	../data/CellCycle/CellCycle/good/P38/358.png
4636	0	../data/CellCycle/CellCycle/good/P38/317.png
4645	0	../data/CellCycle/CellCycle/good/P38/262.png
4646	0	../data/CellCycle/CellCycle/good/P38/504.png
4649	0	../data/CellCycle/CellCycle/good/P38/316.png
4653	0	../data/CellCycle/CellCycle/good/P38/472.png
4656	0	../data/CellCycle/CellCycle/good/P38/260.png
4669	0	../data/CellCycle/CellCycle/good/P38/259.png
4670	0	../data/CellCycle/CellCycle/good/P38/258.png
4672	0	../data/CellCycle/CellCycle/good/P38/516.png
4694	0	../data/CellCycle/CellCycle/good/P38/493.png
4698	0	../data/CellCycle/CellCycle/good/P38/256.png
4702	0	../data/CellCycle/CellCycle/good/P38/280.png
4705	0	../data/CellCycle/CellCycle/good/P38/525.png
4711	0	../data/CellCycle/CellCycle/good/P38/479.png
4716	0	../data/CellCycle/CellCycle/good/P38/269.png
4717	0	../data/CellCycle/CellCycle/good/P38/255.png
4720	0	../data/CellCycle/CellCycle/good/P38/296.png
4721	0	../data/CellCycle/CellCycle/good/P38/282.png
4731	0	../data/CellCycle/CellCycle/good/P38/446.png
4734	0	../data/CellCycle/CellCycle/good/P38/126.png
4739	0	../data/CellCycle/CellCycle/good/P38/292.png
4744	0	../data/CellCycle/CellCycle/good/P38/443.png
4745	0	../data/CellCycle/CellCycle/good/P38/455.png
4746	0	../data/CellCycle/CellCycle/good/P38/469.png
4750	0	../data/CellCycle/CellCycle/good/P38/509.png
4752	0	../data/CellCycle/CellCycle/good/P38/290.png
4753	0	../data/CellCycle/CellCycle/good/P38/291.png
4759	0	../data/CellCycle/CellCycle/good/P38/454.png
4763	0	../data/CellCycle/CellCycle/good/P38/396.png
4768	0	../data/CellCycle/CellCycle/good/P38/553.png
4770	0	../data/CellCycle/CellCycle/good/P38/585.png
4774	0	../data/CellCycle/CellCycle/good/P38/181.png
4775	0	../data/CellCycle/CellCycle/good/P38/156.png
4788	0	../data/CellCycle/CellCycle/good/P38/236.png
4791	0	../data/CellCycle/CellCycle/good/P38/237.png
4794	0	../data/CellCycle/CellCycle/good/P38/182.png
4800	0	../data/CellCycle/CellCycle/good/P38/343.png
4803	0	../data/CellCycle/CellCycle/good/P38/435.png
4805	0	../data/CellCycle/CellCycle/good/P38/390.png
4806	0	../data/CellCycle/CellCycle/good/P38/637.png
4808	0	../data/CellCycle/CellCycle/good/P38/186.png
4816	0	../data/CellCycle/CellCycle/good/P38/391.png
4819	0	../data/CellCycle/CellCycle/good/P38/346.png
4820	0	../data/CellCycle/CellCycle/good/P38/420.png
4825	0	../data/CellCycle/CellCycle/good/P38/634.png
4829	0	../data/CellCycle/CellCycle/good/P38/556.png
4831	0	../data/CellCycle/CellCycle/good/P38/581.png
4832	0	../data/CellCycle/CellCycle/good/P38/580.png
4837	0	../data/CellCycle/CellCycle/good/P38/635.png
4842	1	../data/CellCycle/CellCycle/poor/P4/360.png
4857	1	../data/CellCycle/CellCycle/poor/P4/549.png
4866	1	../data/CellCycle/CellCycle/poor/P4/204.png
4875	1	../data/CellCycle/CellCycle/poor/P4/843.png
4876	1	../data/CellCycle/CellCycle/poor/P4/710.png
4885	1	../data/CellCycle/CellCycle/poor/P4/714.png
4893	1	../data/CellCycle/CellCycle/poor/P4/716.png
4895	1	../data/CellCycle/CellCycle/poor/P4/267.png
4896	1	../data/CellCycle/CellCycle/poor/P4/717.png
4899	1	../data/CellCycle/CellCycle/poor/P4/307.png
4900	1	../data/CellCycle/CellCycle/poor/P4/487.png
4901	1	../data/CellCycle/CellCycle/poor/P4/652.png
4904	1	../data/CellCycle/CellCycle/poor/P4/685.png
4906	1	../data/CellCycle/CellCycle/poor/P4/874.png
4907	1	../data/CellCycle/CellCycle/poor/P4/647.png
4910	1	../data/CellCycle/CellCycle/poor/P4/490.png
4911	1	../data/CellCycle/CellCycle/poor/P4/679.png
4927	1	../data/CellCycle/CellCycle/poor/P4/427.png
4934	1	../data/CellCycle/CellCycle/poor/P4/585.png
4936	1	../data/CellCycle/CellCycle/poor/P4/750.png
4937	1	../data/CellCycle/CellCycle/poor/P4/744.png
4938	1	../data/CellCycle/CellCycle/poor/P4/778.png
4939	1	../data/CellCycle/CellCycle/poor/P4/340.png
4942	1	../data/CellCycle/CellCycle/poor/P4/395.png
4946	1	../data/CellCycle/CellCycle/poor/P4/236.png
4956	1	../data/CellCycle/CellCycle/poor/P4/780.png
4976	1	../data/CellCycle/CellCycle/poor/P2/161.png
4977	1	../data/CellCycle/CellCycle/poor/P2/175.png
4978	1	../data/CellCycle/CellCycle/poor/P2/217.png
4980	1	../data/CellCycle/CellCycle/poor/P2/202.png
4981	1	../data/CellCycle/CellCycle/poor/P2/216.png
4985	1	../data/CellCycle/CellCycle/poor/P2/206.png
4988	1	../data/CellCycle/CellCycle/poor/P2/429.png
4997	1	../data/CellCycle/CellCycle/poor/P2/166.png
5007	1	../data/CellCycle/CellCycle/poor/P2/104.png
5008	1	../data/CellCycle/CellCycle/poor/P2/299.png
5022	1	../data/CellCycle/CellCycle/poor/P2/318.png
5024	1	../data/CellCycle/CellCycle/poor/P2/292.png
5026	1	../data/CellCycle/CellCycle/poor/P2/124.png
5029	1	../data/CellCycle/CellCycle/poor/P2/221.png
5036	1	../data/CellCycle/CellCycle/poor/P2/197.png
5039	1	../data/CellCycle/CellCycle/poor/P2/182.png
5042	1	../data/CellCycle/CellCycle/poor/P2/179.png
5060	1	../data/CellCycle/CellCycle/poor/P17/200.png
5063	1	../data/CellCycle/CellCycle/poor/P17/201.png
5072	1	../data/CellCycle/CellCycle/poor/P17/571.png
5074	1	../data/CellCycle/CellCycle/poor/P17/216.png
5076	1	../data/CellCycle/CellCycle/poor/P17/75.png
5081	1	../data/CellCycle/CellCycle/poor/P17/602.png
5102	1	../data/CellCycle/CellCycle/poor/P17/205.png
5103	1	../data/CellCycle/CellCycle/poor/P17/211.png
5107	1	../data/CellCycle/CellCycle/poor/P17/73.png
5109	1	../data/CellCycle/CellCycle/poor/P17/172.png
5111	1	../data/CellCycle/CellCycle/poor/P17/370.png
5112	1	../data/CellCycle/CellCycle/poor/P17/459.png
5113	1	../data/CellCycle/CellCycle/poor/P17/317.png
5120	1	../data/CellCycle/CellCycle/poor/P17/276.png
5126	1	../data/CellCycle/CellCycle/poor/P17/300.png
5127	1	../data/CellCycle/CellCycle/poor/P17/466.png
5134	1	../data/CellCycle/CellCycle/poor/P17/704.png
5140	1	../data/CellCycle/CellCycle/poor/P17/659.png
5141	1	../data/CellCycle/CellCycle/poor/P17/498.png
5142	1	../data/CellCycle/CellCycle/poor/P17/301.png
5145	1	../data/CellCycle/CellCycle/poor/P17/107.png
5148	1	../data/CellCycle/CellCycle/poor/P17/265.png
5150	1	../data/CellCycle/CellCycle/poor/P17/674.png
5157	1	../data/CellCycle/CellCycle/poor/P17/138.png
5161	1	../data/CellCycle/CellCycle/poor/P17/38.png
5164	1	../data/CellCycle/CellCycle/poor/P17/322.png
5168	1	../data/CellCycle/CellCycle/poor/P17/530.png
5170	1	../data/CellCycle/CellCycle/poor/P17/121.png
5182	1	../data/CellCycle/CellCycle/poor/P17/37.png
5183	1	../data/CellCycle/CellCycle/poor/P17/136.png
5190	1	../data/CellCycle/CellCycle/poor/P17/668.png
5192	1	../data/CellCycle/CellCycle/poor/P17/523.png
5196	1	../data/CellCycle/CellCycle/poor/P17/457.png
5198	1	../data/CellCycle/CellCycle/poor/P17/469.png
5200	1	../data/CellCycle/CellCycle/poor/P17/131.png
5201	1	../data/CellCycle/CellCycle/poor/P17/119.png
5203	1	../data/CellCycle/CellCycle/poor/P17/521.png
5210	1	../data/CellCycle/CellCycle/poor/P17/369.png
5211	1	../data/CellCycle/CellCycle/poor/P17/433.png
5223	1	../data/CellCycle/CellCycle/poor/P17/142.png
5224	1	../data/CellCycle/CellCycle/poor/P17/397.png
5226	1	../data/CellCycle/CellCycle/poor/P17/432.png
5227	1	../data/CellCycle/CellCycle/poor/P17/368.png
5236	1	../data/CellCycle/CellCycle/poor/P17/197.png
5242	1	../data/CellCycle/CellCycle/poor/P17/141.png
5250	1	../data/CellCycle/CellCycle/poor/P17/435.png
5252	1	../data/CellCycle/CellCycle/poor/P17/151.png
5255	1	../data/CellCycle/CellCycle/poor/P17/233.png
5257	1	../data/CellCycle/CellCycle/poor/P17/597.png
5259	1	../data/CellCycle/CellCycle/poor/P17/193.png
5270	1	../data/CellCycle/CellCycle/poor/P17/152.png
5286	1	../data/CellCycle/CellCycle/poor/P17/437.png
5289	1	../data/CellCycle/CellCycle/poor/P16/764.png
5290	1	../data/CellCycle/CellCycle/poor/P16/943.png
5297	1	../data/CellCycle/CellCycle/poor/P16/175.png
5305	1	../data/CellCycle/CellCycle/poor/P16/148.png
5311	1	../data/CellCycle/CellCycle/poor/P16/819.png
5313	1	../data/CellCycle/CellCycle/poor/P16/762.png
5315	1	../data/CellCycle/CellCycle/poor/P16/945.png
5317	1	../data/CellCycle/CellCycle/poor/P16/206.png
5320	1	../data/CellCycle/CellCycle/poor/P16/978.png
5323	1	../data/CellCycle/CellCycle/poor/P16/818.png
5324	1	../data/CellCycle/CellCycle/poor/P16/398.png
5328	1	../data/CellCycle/CellCycle/poor/P16/365.png
5334	1	../data/CellCycle/CellCycle/poor/P16/761.png
5336	1	../data/CellCycle/CellCycle/poor/P16/205.png
5341	1	../data/CellCycle/CellCycle/poor/P16/238.png
5344	1	../data/CellCycle/CellCycle/poor/P16/947.png
5346	1	../data/CellCycle/CellCycle/poor/P16/827.png
5347	1	../data/CellCycle/CellCycle/poor/P16/628.png
5354	1	../data/CellCycle/CellCycle/poor/P16/115.png
5355	1	../data/CellCycle/CellCycle/poor/P16/934.png
5363	1	../data/CellCycle/CellCycle/poor/P16/658.png
5365	1	../data/CellCycle/CellCycle/poor/P16/664.png
5368	1	../data/CellCycle/CellCycle/poor/P16/275.png
5376	1	../data/CellCycle/CellCycle/poor/P16/305.png
5378	1	../data/CellCycle/CellCycle/poor/P16/107.png
5381	1	../data/CellCycle/CellCycle/poor/P16/852.png
5382	1	../data/CellCycle/CellCycle/poor/P16/729.png
5384	1	../data/CellCycle/CellCycle/poor/P16/259.png
5402	1	../data/CellCycle/CellCycle/poor/P16/850.png
5403	1	../data/CellCycle/CellCycle/poor/P16/139.png
5404	1	../data/CellCycle/CellCycle/poor/P16/663.png
5406	1	../data/CellCycle/CellCycle/poor/P16/461.png
5412	1	../data/CellCycle/CellCycle/poor/P16/691.png
5415	1	../data/CellCycle/CellCycle/poor/P16/915.png
5417	1	../data/CellCycle/CellCycle/poor/P16/256.png
5420	1	../data/CellCycle/CellCycle/poor/P16/914.png
5427	1	../data/CellCycle/CellCycle/poor/P16/862.png
5429	1	../data/CellCycle/CellCycle/poor/P16/731.png
5431	1	../data/CellCycle/CellCycle/poor/P16/269.png
5445	1	../data/CellCycle/CellCycle/poor/P16/913.png
5451	1	../data/CellCycle/CellCycle/poor/P16/494.png
5453	1	../data/CellCycle/CellCycle/poor/P16/333.png
5454	1	../data/CellCycle/CellCycle/poor/P16/327.png
5457	1	../data/CellCycle/CellCycle/poor/P16/119.png
5465	1	../data/CellCycle/CellCycle/poor/P16/865.png
5475	1	../data/CellCycle/CellCycle/poor/P16/786.png
5480	1	../data/CellCycle/CellCycle/poor/P16/1005.png
5484	1	../data/CellCycle/CellCycle/poor/P16/142.png
5487	1	../data/CellCycle/CellCycle/poor/P16/432.png
5499	1	../data/CellCycle/CellCycle/poor/P16/1007.png
5501	1	../data/CellCycle/CellCycle/poor/P16/592.png
5502	1	../data/CellCycle/CellCycle/poor/P16/1006.png
5511	1	../data/CellCycle/CellCycle/poor/P16/431.png
5519	1	../data/CellCycle/CellCycle/poor/P16/596.png
5521	1	../data/CellCycle/CellCycle/poor/P16/971.png
5523	1	../data/CellCycle/CellCycle/poor/P16/756.png
5526	1	../data/CellCycle/CellCycle/poor/P16/178.png
5538	1	../data/CellCycle/CellCycle/poor/P16/796.png
5542	1	../data/CellCycle/CellCycle/poor/P7/348.png
5545	1	../data/CellCycle/CellCycle/poor/P7/413.png
5558	1	../data/CellCycle/CellCycle/poor/P7/288.png
5564	1	../data/CellCycle/CellCycle/poor/P7/314.png
5566	1	../data/CellCycle/CellCycle/poor/P7/477.png
5573	1	../data/CellCycle/CellCycle/poor/P7/702.png
5592	1	../data/CellCycle/CellCycle/poor/P7/287.png
5595	1	../data/CellCycle/CellCycle/poor/P7/319.png
5610	1	../data/CellCycle/CellCycle/poor/P7/380.png
5612	1	../data/CellCycle/CellCycle/poor/P7/384.png
5616	1	../data/CellCycle/CellCycle/poor/P7/352.png
5618	1	../data/CellCycle/CellCycle/poor/P7/350.png
5621	1	../data/CellCycle/CellCycle/poor/P7/379.png
5626	1	../data/CellCycle/CellCycle/poor/P8/1227.png
5628	1	../data/CellCycle/CellCycle/poor/P8/214.png
5634	1	../data/CellCycle/CellCycle/poor/P8/1185.png
5647	1	../data/CellCycle/CellCycle/poor/P8/1379.png
5674	1	../data/CellCycle/CellCycle/poor/P8/1085.png
5683	1	../data/CellCycle/CellCycle/poor/P8/464.png
5701	1	../data/CellCycle/CellCycle/poor/P8/477.png
5702	1	../data/CellCycle/CellCycle/poor/P8/339.png
5703	1	../data/CellCycle/CellCycle/poor/P8/675.png
5705	1	../data/CellCycle/CellCycle/poor/P8/1450.png
5709	1	../data/CellCycle/CellCycle/poor/P8/1295.png
5710	1	../data/CellCycle/CellCycle/poor/P8/932.png
5712	1	../data/CellCycle/CellCycle/poor/P8/517.png
5724	1	../data/CellCycle/CellCycle/poor/P8/1135.png
5725	1	../data/CellCycle/CellCycle/poor/P8/474.png
5737	1	../data/CellCycle/CellCycle/poor/P8/931.png
5741	1	../data/CellCycle/CellCycle/poor/P8/1080.png
5745	1	../data/CellCycle/CellCycle/poor/P8/515.png
5755	1	../data/CellCycle/CellCycle/poor/P8/478.png
5761	1	../data/CellCycle/CellCycle/poor/P8/652.png
5764	1	../data/CellCycle/CellCycle/poor/P8/281.png
5765	1	../data/CellCycle/CellCycle/poor/P8/1073.png
5766	1	../data/CellCycle/CellCycle/poor/P8/280.png
5772	1	../data/CellCycle/CellCycle/poor/P8/1112.png
5774	1	../data/CellCycle/CellCycle/poor/P8/445.png
5780	1	../data/CellCycle/CellCycle/poor/P8/692.png
5782	1	../data/CellCycle/CellCycle/poor/P8/255.png
5787	1	../data/CellCycle/CellCycle/poor/P8/254.png
5794	1	../data/CellCycle/CellCycle/poor/P8/1111.png
5796	1	../data/CellCycle/CellCycle/poor/P8/1101.png
5799	1	../data/CellCycle/CellCycle/poor/P8/867.png
5805	1	../data/CellCycle/CellCycle/poor/P8/682.png
5809	1	../data/CellCycle/CellCycle/poor/P8/325.png
5816	1	../data/CellCycle/CellCycle/poor/P8/520.png
5826	1	../data/CellCycle/CellCycle/poor/P8/235.png
5827	1	../data/CellCycle/CellCycle/poor/P8/1038.png
5830	1	../data/CellCycle/CellCycle/poor/P8/585.png
5835	1	../data/CellCycle/CellCycle/poor/P8/1171.png
5836	1	../data/CellCycle/CellCycle/poor/P8/397.png
5848	1	../data/CellCycle/CellCycle/poor/P8/1007.png
5859	1	../data/CellCycle/CellCycle/poor/P8/431.png
5865	1	../data/CellCycle/CellCycle/poor/P8/384.png
5868	1	../data/CellCycle/CellCycle/poor/P8/958.png
5874	1	../data/CellCycle/CellCycle/poor/P8/965.png
5875	1	../data/CellCycle/CellCycle/poor/P8/971.png
5876	1	../data/CellCycle/CellCycle/poor/P8/1201.png
5880	1	../data/CellCycle/CellCycle/poor/P8/1361.png
5882	1	../data/CellCycle/CellCycle/poor/P8/92.png
5887	1	../data/CellCycle/CellCycle/poor/P8/352.png
5888	1	../data/CellCycle/CellCycle/poor/P8/346.png
5891	1	../data/CellCycle/CellCycle/poor/P8/608.png
5905	1	../data/CellCycle/CellCycle/poor/P8/812.png
5911	1	../data/CellCycle/CellCycle/poor/P8/345.png
5913	1	../data/CellCycle/CellCycle/poor/P1/406.png
5915	1	../data/CellCycle/CellCycle/poor/P1/189.png
5916	1	../data/CellCycle/CellCycle/poor/P1/77.png
5918	1	../data/CellCycle/CellCycle/poor/P1/200.png
5919	1	../data/CellCycle/CellCycle/poor/P1/214.png
5924	1	../data/CellCycle/CellCycle/poor/P1/76.png
5930	1	../data/CellCycle/CellCycle/poor/P1/149.png
5934	1	../data/CellCycle/CellCycle/poor/P1/571.png
5938	1	../data/CellCycle/CellCycle/poor/P1/202.png
5953	1	../data/CellCycle/CellCycle/poor/P1/213.png
5957	1	../data/CellCycle/CellCycle/poor/P1/165.png
5962	1	../data/CellCycle/CellCycle/poor/P1/167.png
5964	1	../data/CellCycle/CellCycle/poor/P1/198.png
5965	1	../data/CellCycle/CellCycle/poor/P1/239.png
5966	1	../data/CellCycle/CellCycle/poor/P1/199.png
5972	1	../data/CellCycle/CellCycle/poor/P1/129.png
5974	1	../data/CellCycle/CellCycle/poor/P1/262.png
5976	1	../data/CellCycle/CellCycle/poor/P1/128.png
5977	1	../data/CellCycle/CellCycle/poor/P1/328.png
5986	1	../data/CellCycle/CellCycle/poor/P1/311.png
6001	1	../data/CellCycle/CellCycle/poor/P1/500.png
6007	1	../data/CellCycle/CellCycle/poor/P1/475.png
6026	1	../data/CellCycle/CellCycle/poor/P1/122.png
6028	1	../data/CellCycle/CellCycle/poor/P1/318.png
6035	1	../data/CellCycle/CellCycle/poor/P1/293.png
6040	1	../data/CellCycle/CellCycle/poor/P1/133.png
6041	1	../data/CellCycle/CellCycle/poor/P1/127.png
6043	1	../data/CellCycle/CellCycle/poor/P1/333.png
6050	1	../data/CellCycle/CellCycle/poor/P1/534.png
6056	1	../data/CellCycle/CellCycle/poor/P1/326.png
6059	1	../data/CellCycle/CellCycle/poor/P1/631.png
6063	1	../data/CellCycle/CellCycle/poor/P1/221.png
6070	1	../data/CellCycle/CellCycle/poor/P1/142.png
6075	1	../data/CellCycle/CellCycle/poor/P1/340.png
6083	1	../data/CellCycle/CellCycle/poor/P1/593.png
6084	1	../data/CellCycle/CellCycle/poor/P1/592.png
6087	1	../data/CellCycle/CellCycle/poor/P1/579.png
6088	1	../data/CellCycle/CellCycle/poor/P1/196.png
6102	1	../data/CellCycle/CellCycle/poor/P1/226.png
6103	1	../data/CellCycle/CellCycle/poor/P1/51.png
6107	1	../data/CellCycle/CellCycle/poor/P1/385.png
6114	1	../data/CellCycle/CellCycle/poor/P1/224.png
6118	1	../data/CellCycle/CellCycle/poor/P1/580.png
6120	1	../data/CellCycle/CellCycle/poor/P1/557.png
6123	1	../data/CellCycle/CellCycle/poor/P1/190.png
6124	1	../data/CellCycle/CellCycle/poor/P1/85.png
6138	1	../data/CellCycle/CellCycle/poor/P13/349.png
6141	1	../data/CellCycle/CellCycle/poor/P13/559.png
6150	1	../data/CellCycle/CellCycle/poor/P13/560.png
6152	1	../data/CellCycle/CellCycle/poor/P13/561.png
6168	1	../data/CellCycle/CellCycle/poor/P13/302.png
6175	1	../data/CellCycle/CellCycle/poor/P13/498.png
6177	1	../data/CellCycle/CellCycle/poor/P13/301.png
6179	1	../data/CellCycle/CellCycle/poor/P13/305.png
6180	1	../data/CellCycle/CellCycle/poor/P13/477.png
6181	1	../data/CellCycle/CellCycle/poor/P13/488.png
6204	1	../data/CellCycle/CellCycle/poor/P13/453.png
6208	1	../data/CellCycle/CellCycle/poor/P13/283.png
6211	1	../data/CellCycle/CellCycle/poor/P13/452.png
6217	1	../data/CellCycle/CellCycle/poor/P13/536.png
6219	1	../data/CellCycle/CellCycle/poor/P13/286.png
6220	1	../data/CellCycle/CellCycle/poor/P13/523.png
6227	1	../data/CellCycle/CellCycle/poor/P13/469.png
6232	1	../data/CellCycle/CellCycle/poor/P13/534.png
6233	1	../data/CellCycle/CellCycle/poor/P13/520.png
6234	1	../data/CellCycle/CellCycle/poor/P13/497.png
6235	1	../data/CellCycle/CellCycle/poor/P13/468.png
6236	1	../data/CellCycle/CellCycle/poor/P13/454.png
6238	1	../data/CellCycle/CellCycle/poor/P13/427.png
6242	1	../data/CellCycle/CellCycle/poor/P13/397.png
6247	1	../data/CellCycle/CellCycle/poor/P13/381.png
6248	1	../data/CellCycle/CellCycle/poor/P13/395.png
6250	1	../data/CellCycle/CellCycle/poor/P13/419.png
6251	1	../data/CellCycle/CellCycle/poor/P13/421.png
6255	1	../data/CellCycle/CellCycle/poor/P13/541.png
6256	1	../data/CellCycle/CellCycle/poor/P13/227.png
6257	1	../data/CellCycle/CellCycle/poor/P13/568.png
6261	1	../data/CellCycle/CellCycle/poor/P13/420.png
6264	1	../data/CellCycle/CellCycle/poor/P13/378.png
6268	1	../data/CellCycle/CellCycle/poor/P13/231.png
6276	1	../data/CellCycle/CellCycle/poor/P12/759.png
6281	1	../data/CellCycle/CellCycle/poor/P12/558.png
6284	1	../data/CellCycle/CellCycle/poor/P12/410.png
6287	1	../data/CellCycle/CellCycle/poor/P12/776.png
6291	1	../data/CellCycle/CellCycle/poor/P12/371.png
6297	1	../data/CellCycle/CellCycle/poor/P12/774.png
6303	1	../data/CellCycle/CellCycle/poor/P12/672.png
6304	1	../data/CellCycle/CellCycle/poor/P12/302.png
6307	1	../data/CellCycle/CellCycle/poor/P12/670.png
6310	1	../data/CellCycle/CellCycle/poor/P12/301.png
6311	1	../data/CellCycle/CellCycle/poor/P12/467.png
6313	1	../data/CellCycle/CellCycle/poor/P12/488.png
6333	1	../data/CellCycle/CellCycle/poor/P12/725.png
6336	1	../data/CellCycle/CellCycle/poor/P12/320.png
6339	1	../data/CellCycle/CellCycle/poor/P12/494.png
6344	1	../data/CellCycle/CellCycle/poor/P12/508.png
6345	1	../data/CellCycle/CellCycle/poor/P12/326.png
6347	1	../data/CellCycle/CellCycle/poor/P12/427.png
6348	1	../data/CellCycle/CellCycle/poor/P12/745.png
6349	1	../data/CellCycle/CellCycle/poor/P12/209.png
6355	1	../data/CellCycle/CellCycle/poor/P12/586.png
6365	1	../data/CellCycle/CellCycle/poor/P12/623.png
6369	1	../data/CellCycle/CellCycle/poor/P12/794.png
6370	1	../data/CellCycle/CellCycle/poor/P12/227.png
6375	1	../data/CellCycle/CellCycle/poor/P12/422.png
6376	1	../data/CellCycle/CellCycle/poor/P12/393.png
6380	1	../data/CellCycle/CellCycle/poor/P12/556.png
